I'm sorry, but errors were detected in your script. Please correct the
errors listed below, and try again.


File "game/script.rpy", line 118: multiple at clauses are prohibited.
    show lidaniang at left at fullscreen_auto
                             ^

File "game/script.rpy", line 146: multiple at clauses are prohibited.
    show zhangyouxi at right at fullscreen_auto
                               ^

File "game/script.rpy", line 148: multiple at clauses are prohibited.
    show wangxiufeng at left at fullscreen_auto
                               ^

File "game/script.rpy", line 167: multiple at clauses are prohibited.
    show zhangyouxi at right at fullscreen_auto
                               ^

File "game/script.rpy", line 169: multiple at clauses are prohibited.
    show wangxiufeng at left at fullscreen_auto
                               ^

File "game/script.rpy", line 187: multiple at clauses are prohibited.
    show lisan at center at fullscreen_auto
                           ^

File "game/script.rpy", line 201: multiple at clauses are prohibited.
    show zhaohanlie at right at fullscreen_auto
                               ^

Ren'Py Version: Ren'Py 8.3.4.24120703
Mon Feb 24 08:57:26 2025
